2026-05-07 08:38:53.399 SNAPSHOT inicial: 160 plugins habilitados
2026-05-07 08:38:53.400 PRESENT  id=com.intellij version=253.31033.145
2026-05-07 08:38:53.400 PRESENT  id=com.intellij.notebooks.core version=253.31033.145
2026-05-07 08:38:53.401 PRESENT  id=com.intellij.debugger.collections.visualizer version=253.31033.145
2026-05-07 08:38:53.401 PRESENT  id=org.jetbrains.plugins.yaml version=253.31033.145
2026-05-07 08:38:53.402 PRESENT  id=com.intellij.database version=253.31033.145
2026-05-07 08:38:53.402 PRESENT  id=JavaScript version=253.31033.145
2026-05-07 08:38:53.402 PRESENT  id=com.intellij.dev version=253.31033.145
2026-05-07 08:38:53.403 PRESENT  id=com.android.tools.gradle.dcl version=253.31033.145
2026-05-07 08:38:53.431 PRESENT  id=com.intellij.java version=253.31033.145
2026-05-07 08:38:53.432 PRESENT  id=com.jetbrains.sh version=253.31033.145
2026-05-07 08:38:53.432 PRESENT  id=org.intellij.qodana version=253.31033.145
2026-05-07 08:38:53.433 PRESENT  id=org.jetbrains.completion.full.line version=253.31033.145
2026-05-07 08:38:53.433 PRESENT  id=hg4idea version=253.31033.145
2026-05-07 08:38:53.434 PRESENT  id=com.intellij.ja version=253.31033.145
2026-05-07 08:38:53.434 PRESENT  id=org.editorconfig.editorconfigjetbrains version=253.31033.145
2026-05-07 08:38:53.435 PRESENT  id=com.intellij.zh version=253.31033.145
2026-05-07 08:38:53.435 PRESENT  id=training version=253.31033.145
2026-05-07 08:38:53.435 PRESENT  id=com.intellij.css version=253.31033.145
2026-05-07 08:38:53.436 PRESENT  id=JavaScriptDebugger version=253.31033.145
2026-05-07 08:38:53.436 PRESENT  id=org.toml.lang version=253.31033.145
2026-05-07 08:38:53.437 PRESENT  id=intellij.webp version=253.31033.145
2026-05-07 08:38:53.437 PRESENT  id=com.jetbrains.performancePlugin version=253.31033.145
2026-05-07 08:38:53.438 PRESENT  id=idea.plugin.protoeditor version=253.31033.145
2026-05-07 08:38:53.438 PRESENT  id=com.intellij.ko version=253.31033.145
2026-05-07 08:38:53.439 PRESENT  id=com.vermouthx.idea version=1.19.0
2026-05-07 08:38:53.440 PRESENT  id=Subversion version=253.31033.145
2026-05-07 08:38:53.440 PRESENT  id=org.jetbrains.idea.reposearch version=253.31033.145
2026-05-07 08:38:53.441 PRESENT  id=org.jetbrains.plugins.textmate version=253.31033.145
2026-05-07 08:38:53.441 PRESENT  id=HtmlTools version=253.31033.145
2026-05-07 08:38:53.442 PRESENT  id=com.intellij.platform.images version=253.31033.145
2026-05-07 08:38:53.442 PRESENT  id=com.intellij.copyright version=253.31033.145
2026-05-07 08:38:53.443 PRESENT  id=org.jetbrains.debugger.streams version=253.31033.145
2026-05-07 08:38:53.443 PRESENT  id=org.jetbrains.plugins.javaFX version=253.31033.145
2026-05-07 08:38:53.443 PRESENT  id=ByteCodeViewer version=253.31033.145
2026-05-07 08:38:53.444 PRESENT  id=com.intellij.java.ide version=253.31033.145
2026-05-07 08:38:53.444 PRESENT  id=com.intellij.kubernetes version=253.31033.145
2026-05-07 08:38:53.444 PRESENT  id=com.intellij.modules.json version=253.31033.145
2026-05-07 08:38:53.445 PRESENT  id=com.intellij.searcheverywhere.ml version=253.31033.145
2026-05-07 08:38:53.445 PRESENT  id=com.intellij.findusages.ml version=253.31033.145
2026-05-07 08:38:53.445 PRESENT  id=com.intellij.jsonpath version=253.31033.145
2026-05-07 08:38:53.446 PRESENT  id=com.intellij.configurationScript version=253.31033.145
2026-05-07 08:38:53.446 PRESENT  id=com.intellij.code.provenance version=253.31033.145
2026-05-07 08:38:53.446 PRESENT  id=com.intellij.modules.ultimate version=253.31033.145
2026-05-07 08:38:53.447 PRESENT  id=com.intellij.aop version=253.31033.145
2026-05-07 08:38:53.447 PRESENT  id=org.jetbrains.plugins.less version=253.31033.145
2026-05-07 08:38:53.448 PRESENT  id=org.intellij.plugins.postcss version=253.31033.145
2026-05-07 08:38:53.448 PRESENT  id=org.jetbrains.plugins.sass version=253.31033.145
2026-05-07 08:38:53.448 PRESENT  id=com.intellij.diagram version=253.31033.145
2026-05-07 08:38:53.448 PRESENT  id=com.jetbrains.plugins.webDeployment version=253.31033.145
2026-05-07 08:38:53.448 PRESENT  id=com.intellij.cron version=253.31033.145
2026-05-07 08:38:53.449 PRESENT  id=com.intellij.javaee version=253.31033.145
2026-05-07 08:38:53.449 PRESENT  id=Refactor-X version=253.31033.145
2026-05-07 08:38:53.449 PRESENT  id=intellij.git.commit.modal version=253.31033.145
2026-05-07 08:38:53.450 PRESENT  id=org.intellij.plugins.markdown version=253.31033.145
2026-05-07 08:38:53.450 PRESENT  id=com.intellij.spring version=253.31033.145
2026-05-07 08:38:53.451 PRESENT  id=org.jetbrains.plugins.wsl.remoteSdk version=253.31033.145
2026-05-07 08:38:53.451 PRESENT  id=Lombook Plugin version=253.31033.145
2026-05-07 08:38:53.451 PRESENT  id=org.jetbrains.java.decompiler version=253.31033.145
2026-05-07 08:38:53.452 PRESENT  id=org.jetbrains.idea.eclipse version=253.31033.145
2026-05-07 08:38:53.452 PRESENT  id=TestNG-J version=253.31033.145
2026-05-07 08:38:53.452 PRESENT  id=org.jetbrains.plugins.terminal version=253.31033.145
2026-05-07 08:38:53.453 PRESENT  id=com.intellij.LineProfiler version=253.31033.145
2026-05-07 08:38:53.453 PRESENT  id=com.intellij.properties version=253.31033.145
2026-05-07 08:38:53.454 PRESENT  id=com.intellij.freemarker version=253.31033.145
2026-05-07 08:38:53.454 PRESENT  id=com.intellij.velocity version=253.31033.145
2026-05-07 08:38:53.455 PRESENT  id=com.intellij.spring.boot.initializr version=253.31033.145
2026-05-07 08:38:53.455 PRESENT  id=com.intellij.microservices.jvm version=253.31033.145
2026-05-07 08:38:53.456 PRESENT  id=com.intellij.jpa.jpb.model version=253.31033.145
2026-05-07 08:38:53.456 PRESENT  id=JUnit version=253.31033.145
2026-05-07 08:38:53.457 PRESENT  id=Coverage version=253.31033.145
2026-05-07 08:38:53.458 PRESENT  id=org.intellij.groovy version=253.31033.145
2026-05-07 08:38:53.458 PRESENT  id=com.intellij.java-i18n version=253.31033.145
2026-05-07 08:38:53.459 PRESENT  id=com.intellij.cdi version=253.31033.145
2026-05-07 08:38:53.459 PRESENT  id=com.intellij.thymeleaf version=253.31033.145
2026-05-07 08:38:53.460 PRESENT  id=com.intellij.javaee.extensions version=253.31033.145
2026-05-07 08:38:53.460 PRESENT  id=com.intellij.javaee.el version=253.31033.145
2026-05-07 08:38:53.460 PRESENT  id=com.intellij.spring.security version=253.31033.145
2026-05-07 08:38:53.461 PRESENT  id=com.intellij.spring.modulith version=253.31033.145
2026-05-07 08:38:53.461 PRESENT  id=com.intellij.spring.boot version=253.31033.145
2026-05-07 08:38:53.462 PRESENT  id=com.intellij.spring.debugger version=253.30387.20
2026-05-07 08:38:53.462 PRESENT  id=com.intellij.spring.messaging version=253.31033.145
2026-05-07 08:38:53.463 PRESENT  id=com.intellij.gradle version=253.31033.145
2026-05-07 08:38:53.463 PRESENT  id=org.jetbrains.idea.gradle.dsl version=253.31033.145
2026-05-07 08:38:53.464 PRESENT  id=com.intellij.plugins.netbeanskeymap version=253.31033.145
2026-05-07 08:38:53.464 PRESENT  id=com.intellij.liquibase version=253.31033.145
2026-05-07 08:38:53.465 PRESENT  id=com.intellij.javaee.web version=253.31033.145
2026-05-07 08:38:53.465 PRESENT  id=intellij.platform.ijent.impl version=253.31033.145
2026-05-07 08:38:53.465 PRESENT  id=es.iesclaradelrey.controlex version=1.9.0
2026-05-07 08:38:53.466 PRESENT  id=com.jetbrains.station version=253.31033.145
2026-05-07 08:38:53.466 PRESENT  id=intellij.grid.plugin version=253.31033.145
2026-05-07 08:38:53.466 PRESENT  id=com.intellij.flyway version=253.31033.145
2026-05-07 08:38:53.467 PRESENT  id=com.intellij.jsp version=253.31033.145
2026-05-07 08:38:53.467 PRESENT  id=org.jetbrains.kotlin version=253.31033.145-IJ
2026-05-07 08:38:53.468 PRESENT  id=com.intellij.plugins.visualstudiokeymap version=253.31033.145
2026-05-07 08:38:53.468 PRESENT  id=intellij.ktor version=253.31033.145
2026-05-07 08:38:53.469 PRESENT  id=com.intellij.completion.ml.ranking version=253.31033.145
2026-05-07 08:38:53.470 PRESENT  id=com.intellij.spring.cloud version=253.31033.145
2026-05-07 08:38:53.472 PRESENT  id=com.intellij.spring.integration version=253.31033.145
2026-05-07 08:38:53.472 PRESENT  id=intellij.indexing.shared.core version=253.31033.145
2026-05-07 08:38:53.473 PRESENT  id=intellij.indexing.shared version=253.31033.145
2026-05-07 08:38:53.473 PRESENT  id=com.intellij.swagger version=253.31033.145
2026-05-07 08:38:53.473 PRESENT  id=com.jetbrains.restWebServices version=253.31033.145
2026-05-07 08:38:53.474 PRESENT  id=com.jetbrains.restClient version=253.31033.145
2026-05-07 08:38:53.475 PRESENT  id=com.jetbrains.remoteDevServer version=253.31033.145
2026-05-07 08:38:53.475 PRESENT  id=JBoss version=253.31033.145
2026-05-07 08:38:53.476 PRESENT  id=Tomcat version=253.31033.145
2026-05-07 08:38:53.476 PRESENT  id=com.intellij.javaee.app.servers.integration version=253.31033.145
2026-05-07 08:38:53.476 PRESENT  id=XPathView version=253.31033.145
2026-05-07 08:38:53.477 PRESENT  id=com.intellij.tasks version=253.31033.145
2026-05-07 08:38:53.477 PRESENT  id=com.intellij.tasks.timeTracking version=253.31033.145
2026-05-07 08:38:53.477 PRESENT  id=com.intellij.javaee.jpa version=253.31033.145
2026-05-07 08:38:53.478 PRESENT  id=com.intellij.javaee.jakarta.data version=253.31033.145
2026-05-07 08:38:53.478 PRESENT  id=com.intellij.spring.data version=253.31033.145
2026-05-07 08:38:53.478 PRESENT  id=com.intellij.javaee.reverseEngineering version=253.31033.145
2026-05-07 08:38:53.479 PRESENT  id=com.intellij.micronaut version=253.31033.145
2026-05-07 08:38:53.479 PRESENT  id=com.intellij.hibernate version=253.31033.145
2026-05-07 08:38:53.479 PRESENT  id=com.intellij.quarkus version=253.31033.145
2026-05-07 08:38:53.480 PRESENT  id=com.intellij.persistence version=253.31033.145
2026-05-07 08:38:53.480 PRESENT  id=intellij.jupyter version=253.31033.145
2026-05-07 08:38:53.480 PRESENT  id=org.jetbrains.plugins.kotlin.jupyter version=253.31033.145
2026-05-07 08:38:53.481 PRESENT  id=Docker version=253.31033.145
2026-05-07 08:38:53.481 PRESENT  id=tanvd.grazi version=253.31033.145
2026-05-07 08:38:53.481 PRESENT  id=com.intellij.compose version=253.31033.145
2026-05-07 08:38:53.482 PRESENT  id=com.intellij.plugins.eclipsekeymap version=253.31033.145
2026-05-07 08:38:53.482 PRESENT  id=Git4Idea version=253.31033.145
2026-05-07 08:38:53.482 PRESENT  id=org.jetbrains.plugins.gitlab version=253.31033.145
2026-05-07 08:38:53.483 PRESENT  id=com.intellij.settingsSync version=253.31033.145
2026-05-07 08:38:53.484 PRESENT  id=org.jetbrains.plugins.github version=253.31033.145
2026-05-07 08:38:53.484 PRESENT  id=org.jetbrains.plugins.remote-run version=253.31033.145
2026-05-07 08:38:53.484 PRESENT  id=org.jetbrains.idea.maven version=253.31033.145
2026-05-07 08:38:53.484 PRESENT  id=org.jetbrains.plugins.gradle version=253.31033.145
2026-05-07 08:38:53.496 PRESENT  id=com.intellij.reactivestreams version=253.31033.19
2026-05-07 08:38:53.496 PRESENT  id=intellij.webpack version=253.31033.145
2026-05-07 08:38:53.497 PRESENT  id=com.intellij.tailwindcss version=253.31033.145
2026-05-07 08:38:53.497 PRESENT  id=com.intellij.react version=253.31033.145
2026-05-07 08:38:53.498 PRESENT  id=com.intellij.stylelint version=253.31033.145
2026-05-07 08:38:53.499 PRESENT  id=intellij.vitejs version=253.31033.145
2026-05-07 08:38:53.499 PRESENT  id=NodeJS version=253.31033.145
2026-05-07 08:38:53.499 PRESENT  id=org.jetbrains.plugins.vue version=253.31033.145
2026-05-07 08:38:53.500 PRESENT  id=tslint version=253.31033.145
2026-05-07 08:38:53.501 PRESENT  id=org.jetbrains.plugins.node-remote-interpreter version=253.31033.145
2026-05-07 08:38:53.502 PRESENT  id=com.deadlock.scsyntax version=253.31033.145
2026-05-07 08:38:53.502 PRESENT  id=com.intellij.plugins.webcomponents version=253.31033.145
2026-05-07 08:38:53.502 PRESENT  id=intellij.prettierJS version=253.31033.145
2026-05-07 08:38:53.503 PRESENT  id=izhangzhihao.rainbow.brackets version=2025.3.8
2026-05-07 08:38:53.504 PRESENT  id=org.jgrasp version=1.0.11
2026-05-07 08:38:53.504 PRESENT  id=intellij.nextjs version=253.31033.145
2026-05-07 08:38:53.505 PRESENT  id=Karma version=253.31033.145
2026-05-07 08:38:53.505 PRESENT  id=JSIntentionPowerPack version=253.31033.145
2026-05-07 08:38:53.506 PRESENT  id=com.intellij.mcpServer version=253.31033.145
2026-05-07 08:38:53.506 PRESENT  id=PerforceDirectPlugin version=253.31033.145
2026-05-07 08:38:53.507 PRESENT  id=com.jetbrains.codeWithMe version=253.31033.145
2026-05-07 08:38:53.507 PRESENT  id=org.jetbrains.security.package-checker version=253.31033.145
2026-05-07 08:38:53.507 PRESENT  id=com.intellij.beanValidation version=253.31033.145
2026-05-07 08:38:53.508 PRESENT  id=org.jetbrains.plugins.docker.gateway version=253.31033.145
2026-05-07 08:38:53.508 PRESENT  id=com.jetbrains.gateway version=253.31033.145
2026-05-07 08:38:53.509 PRESENT  id=com.intellij.spring.mvc version=253.31033.145
2026-05-07 08:38:53.509 PRESENT  id=com.intellij.microservices.ui version=253.31033.145
2026-05-07 08:38:53.510 PRESENT  id=com.jetbrains.performancePlugin.async version=253.31033.145
2026-05-07 08:38:53.510 PRESENT  id=AngularJS version=253.31033.145
2026-05-07 08:38:53.512 [CONTROLEX] start  id=es.iesclaradelrey.controlex version=1.9.0
2026-05-07 08:39:42.261 UNLOAD   id=es.iesclaradelrey.controlex name="Controlex" version=1.9.0
2026-05-07 08:39:42.452 [CONTROLEX] stop   id=es.iesclaradelrey.controlex version=1.9.0
2026-05-08 08:27:59.818 INSTALL  id=es.iesclaradelrey.controlex version=1.9.0
2026-05-08 08:27:59.820 [CONTROLEX] start  id=es.iesclaradelrey.controlex version=1.9.0
2026-05-08 08:27:59.878 LOAD     id=es.iesclaradelrey.controlex name="Controlex" version=1.9.0
2026-05-08 08:29:28.727 UNLOAD   id=es.iesclaradelrey.controlex name="Controlex" version=1.9.0
2026-05-08 08:29:28.875 [CONTROLEX] stop   id=es.iesclaradelrey.controlex version=1.9.0
2026-05-08 08:29:55.549 UPGRADE  id=es.iesclaradelrey.controlex from=1.9.0 to=3.2.3
2026-05-08 08:29:55.552 [CONTROLEX] start  id=es.iesclaradelrey.controlex version=3.2.3
2026-05-08 09:59:34.396 UNLOAD   id=es.iesclaradelrey.controlex name="Controlex" version=3.2.3
2026-05-08 09:59:34.759 [CONTROLEX] stop   id=es.iesclaradelrey.controlex version=3.2.3
